version https://git-lfs.github.com/spec/v1
oid sha256:fdc293fcabecae50413d0b6d22d824873310c304d88f6556adae6f841704120e
size 399
